✔ a character is exactly one Unicode code point (27.245549ms)
✔ token fragments allow empty recursion results but exclude whitespace (3.941847ms)
✔ digit sequences are nonempty and contain only digits (4.665899ms)
✔ character event construction validates the character payload (11.115365ms)
✔ a prefix is nonempty, contains no separators, and admits u only after q (1.758941ms)
✔ a stem is nonempty, begins with a vowel, and contains no separators (1.350102ms)
✔ public input parsing rejects mixed letters and digits (3.08296ms)
✖ public input parsing rejects unsupported characters (22.250562ms)
ℹ tests 8
ℹ suites 0
ℹ pass 7
ℹ fail 1
ℹ cancelled 0
ℹ skipped 0
ℹ todo 0
ℹ duration_ms 2164.093307

✖ failing tests:

test at domain.test.ts:57:1
✖ public input parsing rejects unsupported characters (22.250562ms)
  AssertionError [ERR_ASSERTION]: ;
      at TestContext.<anonymous> (file:///workspace/typescript/piglatin/domain.test.ts:60:12)
      at Test.runInAsyncScope (node:async_hooks:227:14)
      at Test.run (node:internal/test_runner/test:1397:25)
      at Test.processPendingSubtests (node:internal/test_runner/test:969:18)
      at Test.postRun (node:internal/test_runner/test:1537:19)
      at Test.run (node:internal/test_runner/test:1462:12)
      at async Test.processPendingSubtests (node:internal/test_runner/test:969:7) {
    generatedMessage: false,
    code: 'ERR_ASSERTION',
    actual: false,
    expected: true,
    operator: '==',
    diff: 'simple'
  }
