✔ a character is exactly one Unicode code point (12.202796ms)
✔ token fragments allow empty recursion results but exclude whitespace (0.587133ms)
✔ digit sequences are nonempty and contain only digits (0.387006ms)
✔ character event construction validates the character payload (11.88875ms)
✔ a prefix is nonempty, contains no separators, and admits u only after q (0.928847ms)
✔ a stem is nonempty, begins with a vowel, and contains no separators (2.355491ms)
✔ public input parsing rejects mixed letters and digits (2.318616ms)
✔ public input parsing rejects unsupported characters (1.564939ms)
✔ public input parsing rejects ambiguous case styles (0.841679ms)
✖ public input parsing rejects undefined y and unusual q forms (2.263532ms)
ℹ tests 10
ℹ suites 0
ℹ pass 9
ℹ fail 1
ℹ cancelled 0
ℹ skipped 0
ℹ todo 0
ℹ duration_ms 1192.064717

✖ failing tests:

test at domain.test.ts:73:1
✖ public input parsing rejects undefined y and unusual q forms (2.263532ms)
  AssertionError [ERR_ASSERTION]: y
      at TestContext.<anonymous> (file:///workspace/typescript/piglatin/domain.test.ts:76:12)
      at Test.runInAsyncScope (node:async_hooks:227:14)
      at Test.run (node:internal/test_runner/test:1397:25)
      at Test.processPendingSubtests (node:internal/test_runner/test:969:18)
      at Test.postRun (node:internal/test_runner/test:1537:19)
      at Test.run (node:internal/test_runner/test:1462:12)
      at async Test.processPendingSubtests (node:internal/test_runner/test:969:7) {
    generatedMessage: false,
    code: 'ERR_ASSERTION',
    actual: false,
    expected: true,
    operator: '==',
    diff: 'simple'
  }
